// Jest Snapshot v1, https://goo.gl/fbAQLP

exports[`seriesBuilder does something 1`] = `
Array [
  Object {
    "data": Array [
      Object {
        "format": "$#,##0.00",
        "name": "CompuSci",
        "y": 27222899.64,
      },
      Object {
        "format": "$#,##0.00",
        "name": "Educationly",
        "y": 22946895.47,
      },
      Object {
        "format": "$#,##0.00",
        "name": "Explorer",
        "y": 38596194.86,
      },
      Object {
        "format": "$#,##0.00",
        "name": "Grammar Plus",
        "y": 8042031.92,
      },
      Object {
        "format": "$#,##0.00",
        "name": "PhoenixSoft",
        "y": 9525857.91,
      },
      Object {
        "format": "$#,##0.00",
        "name": "WonderKid",
        "y": 10291576.74,
      },
    ],
    "legendIndex": 0,
    "name": "Amount",
    "type": "bar",
  },
]
`;
